--------------------------------------------------------------------------------
Release 8.1.03i Trace I.27
Copyright (c) 1995-2005 Xilinx, Inc.  All rights reserved.

C:\Xilinx\bin\nt\trce.exe -ise ise.ise -intstyle ise -e 3 -l 3 -s 7 -xml
isprite isprite.ncd -o isprite.twr isprite.pcf


Design file:              isprite.ncd
Physical constraint file: isprite.pcf
Device,speed:             xc2vp30,-7 (PRODUCTION 1.92 2005-11-04)
Report level:             error report

Environment Variable      Effect 
--------------------      ------ 
NONE                      No environment variables were set
--------------------------------------------------------------------------------

INFO:Timing:2752 - To get complete path coverage, use the unconstrained paths
   option. All paths that are not constrained will be reported in the
   unconstrained paths section(s) of the report.

================================================================================
Timing constraint: TS_PLB_Clk = PERIOD TIMEGRP "PLB_Clk" 10 ns HIGH 50%;

 1158 items analyzed, 0 timing errors detected. (0 setup errors, 0 hold errors)
 Minimum period is   6.037ns.
--------------------------------------------------------------------------------


All constraints were met.


Data Sheet report:
-----------------
All values displayed in nanoseconds (ns)

Clock to Setup on destination clock PLB_Clk
---------------+---------+---------+---------+---------+
               | Src:Rise| Src:Fall| Src:Rise| Src:Fall|
Source Clock   |Dest:Rise|Dest:Rise|Dest:Fall|Dest:Fall|
---------------+---------+---------+---------+---------+
PLB_Clk        |    6.037|         |         |         |
---------------+---------+---------+---------+---------+


Timing summary:
---------------

Timing errors: 0  Score: 0

Constraints cover 1158 paths, 0 nets, and 486 connections

Design statistics:
   Minimum period:   6.037ns (Maximum frequency: 165.645MHz)


Analysis completed Sat Mar 03 03:50:08 2007
--------------------------------------------------------------------------------



Peak Memory Usage: 173 MB
